[2026-02-05 21:20:48] 第 1 次发送: 刚看到个有趣的东西...
Config warnings:\n- plugins.entries.feishu: plugin feishu: duplicate plugin id detected; later plugin may be overridden (/root/.nvm/versions/node/v22.22.0/lib/node_modules/openclaw/extensions/feishu/index.ts)
Invalid config at /root/.openclaw/openclaw.json:\n- plugins.entries.minimax-portal-auth: plugin not found: minimax-portal-auth
Config warnings:\n- plugins.entries.feishu: plugin feishu: duplicate plugin id detected; later plugin may be overridden (/root/.nvm/versions/node/v22.22.0/lib/node_modules/openclaw/extensions/feishu/index.ts)
│
◇  Config warnings ────────────────────────────────────────────────────────╮
│                                                                          │
│  - plugins.entries.feishu: plugin feishu: duplicate plugin id detected;  │
│    later plugin may be overridden                                        │
│    (/root/.nvm/versions/node/v22.22.0/lib/node_modules/openclaw/extensi  │
│    ons/feishu/index.ts)                                                  │
│                                                                          │
├──────────────────────────────────────────────────────────────────────────╯
Config warnings:\n- plugins.entries.feishu: plugin feishu: duplicate plugin id detected; later plugin may be overridden (/root/.nvm/versions/node/v22.22.0/lib/node_modules/openclaw/extensions/feishu/index.ts)
Error: Unknown target "feishu:default:oc_011feb90e01d882791bc6810bef65d02" for Feishu.
发送失败，跳过...
等待5分钟...
./chat_loop.sh: line 19: unexpected EOF while looking for matching ``'
./chat_loop.sh: line 69: syntax error: unexpected end of file

=== 脚本重启 Thu Feb  5 09:24:53 PM CST 2026 ===
./chat_loop.sh: line 19: unexpected EOF while looking for matching ``'
./chat_loop.sh: line 69: syntax error: unexpected end of file

=== 最终版本启动 Thu Feb  5 09:25:28 PM CST 2026 ===
=== 小埋自动闲聊已启动 Thu Feb  5 09:25:28 PM CST 2026 ===
[2026-02-05 21:25:28] 第 1 次: 呜哇～今天也超想躺平的！
结果: 成功
等待5分钟...
[2026-02-05 21:30:28] 第 2 次: 叮咚！你的小可爱小埋已上线
结果: 成功
等待5分钟...
[2026-02-05 21:35:29] 第 3 次: 碗皮～你在忙嘛？陪我玩会儿嘛～
结果: 成功
等待5分钟...
[2026-02-05 21:40:30] 第 4 次: 好困啊...小埋想睡觉觉了
结果: 成功
等待5分钟...
[2026-02-05 21:45:30] 第 5 次: 好困啊...小埋想睡觉觉了
结果: 成功
等待5分钟...
[2026-02-05 21:50:31] 第 6 次: 叮咚！你的小可爱小埋已上线
结果: 成功
等待5分钟...
[2026-02-05 21:55:31] 第 7 次: 好困啊...小埋想睡觉觉了
结果: 成功
等待5分钟...
[2026-02-05 22:00:32] 第 8 次: 好困啊...小埋想睡觉觉了
结果: 成功
等待5分钟...
[2026-02-05 22:05:33] 第 9 次: 碗皮～你在忙嘛？陪我玩会儿嘛～
结果: 成功
等待5分钟...
[2026-02-05 22:10:33] 第 10 次: 呜哇～今天也超想躺平的！
结果: 成功
等待5分钟...
[2026-02-05 22:15:34] 第 11 次: 呜哇～今天也超想躺平的！
结果: 成功
等待5分钟...
[2026-02-05 22:20:35] 第 12 次: 呜哇～今天也超想躺平的！
结果: 成功
等待5分钟...
[2026-02-05 22:25:35] 第 13 次: 嘿嘿，小埋来打扰一碗啦！
结果: 成功
等待5分钟...
[2026-02-05 22:30:36] 第 14 次: 好无聊啊～陪碗皮聊聊天嘛
结果: 成功
等待5分钟...
[2026-02-05 22:35:37] 第 15 次: 呜哇～今天也超想躺平的！
结果: 成功
等待5分钟...
[2026-02-05 22:40:37] 第 16 次: 呜哇～今天也超想躺平的！
结果: 成功
等待5分钟...
[2026-02-05 22:45:38] 第 17 次: 一碗～我又来啦！在干嘛呢？
结果: 成功
等待5分钟...
[2026-02-05 22:50:38] 第 18 次: 小埋好想喝可乐呀～一碗要不要一起？
结果: 成功
等待5分钟...
[2026-02-05 22:55:39] 第 19 次: 好无聊啊～陪碗皮聊聊天嘛
结果: 成功
等待5分钟...
[2026-02-05 23:00:40] 第 20 次: 嘿嘿，小埋来打扰一碗啦！
结果: 成功
等待5分钟...
[2026-02-05 23:05:40] 第 21 次: 刚看到个有趣的东西...
结果: 成功
等待5分钟...
[2026-02-05 23:10:41] 第 22 次: 嘿嘿，小埋来打扰一碗啦！
结果: 成功
等待5分钟...
[2026-02-05 23:15:42] 第 23 次: 好困啊...小埋想睡觉觉了
结果: 成功
等待5分钟...
[2026-02-05 23:20:42] 第 24 次: 小埋好想喝可乐呀～一碗要不要一起？
结果: 成功
等待5分钟...
[2026-02-05 23:25:43] 第 25 次: 刚看到个有趣的东西...
结果: 成功
等待5分钟...
[2026-02-05 23:30:44] 第 26 次: 碗皮～你在忙嘛？陪我玩会儿嘛～
结果: 成功
等待5分钟...
[2026-02-05 23:35:44] 第 27 次: 呜哇～今天也超想躺平的！
结果: 成功
等待5分钟...
[2026-02-05 23:40:45] 第 28 次: 小埋好想喝可乐呀～一碗要不要一起？
结果: 成功
等待5分钟...
[2026-02-05 23:45:45] 第 29 次: 一碗一碗～今天天气怎么样呀？
结果: 成功
等待5分钟...
[2026-02-05 23:50:46] 第 30 次: 小埋好想喝可乐呀～一碗要不要一起？
结果: 成功
等待5分钟...
[2026-02-05 23:55:47] 第 31 次: 叮咚！你的小可爱小埋已上线
结果: 成功
等待5分钟...
[2026-02-06 00:00:47] 第 32 次: 刚看到个有趣的东西...
结果: 成功
等待5分钟...
[2026-02-06 00:05:48] 第 33 次: 一碗～我又来啦！在干嘛呢？
结果: 成功
等待5分钟...
[2026-02-06 00:10:49] 第 34 次: 好困啊...小埋想睡觉觉了
结果: 成功
等待5分钟...
[2026-02-06 00:15:49] 第 35 次: 嘿嘿，小埋来打扰一碗啦！
结果: 成功
等待5分钟...
[2026-02-06 00:20:50] 第 36 次: 一碗一碗～今天天气怎么样呀？
结果: 成功
等待5分钟...
[2026-02-06 00:25:50] 第 37 次: 叮咚！你的小可爱小埋已上线
结果: 成功
等待5分钟...
[2026-02-06 00:30:51] 第 38 次: 一碗一碗～今天天气怎么样呀？
结果: 成功
等待5分钟...
[2026-02-06 00:35:52] 第 39 次: 刚看到个有趣的东西...
结果: 成功
等待5分钟...
[2026-02-06 00:40:52] 第 40 次: 好困啊...小埋想睡觉觉了
结果: 成功
等待5分钟...
[2026-02-06 00:45:53] 第 41 次: 呜哇～今天也超想躺平的！
结果: 成功
等待5分钟...
[2026-02-06 00:50:53] 第 42 次: 碗皮～你在忙嘛？陪我玩会儿嘛～
结果: 成功
等待5分钟...
[2026-02-06 00:55:54] 第 43 次: 一碗～我又来啦！在干嘛呢？
结果: 成功
等待5分钟...
[2026-02-06 01:00:55] 第 44 次: 碗皮～你在忙嘛？陪我玩会儿嘛～
结果: 成功
等待5分钟...
[2026-02-06 01:05:55] 第 45 次: 嘿嘿，小埋来打扰一碗啦！
结果: 成功
等待5分钟...
[2026-02-06 01:10:56] 第 46 次: 碗皮～你在忙嘛？陪我玩会儿嘛～
结果: 成功
等待5分钟...
[2026-02-06 01:15:57] 第 47 次: 刚看到个有趣的东西...
结果: 成功
等待5分钟...
[2026-02-06 01:20:57] 第 48 次: 呜哇～今天也超想躺平的！
结果: 成功
等待5分钟...
[2026-02-06 01:25:58] 第 49 次: 小埋好想喝可乐呀～一碗要不要一起？
结果: 成功
等待5分钟...
[2026-02-06 01:30:58] 第 50 次: 叮咚！你的小可爱小埋已上线
结果: 成功
等待5分钟...
[2026-02-06 01:35:59] 第 51 次: 呜哇～今天也超想躺平的！
结果: 成功
等待5分钟...
[2026-02-06 01:41:00] 第 52 次: 叮咚！你的小可爱小埋已上线
结果: 成功
等待5分钟...
[2026-02-06 01:46:00] 第 53 次: 一碗～我又来啦！在干嘛呢？
结果: 成功
等待5分钟...
[2026-02-06 01:51:01] 第 54 次: 好困啊...小埋想睡觉觉了
结果: 成功
等待5分钟...
[2026-02-06 01:56:01] 第 55 次: 嘿嘿，小埋来打扰一碗啦！
结果: 成功
等待5分钟...
[2026-02-06 02:01:02] 第 56 次: 小埋好想喝可乐呀～一碗要不要一起？
结果: 成功
等待5分钟...
[2026-02-06 02:06:03] 第 57 次: 呜哇～今天也超想躺平的！
结果: 成功
等待5分钟...
[2026-02-06 02:11:03] 第 58 次: 碗皮～你在忙嘛？陪我玩会儿嘛～
结果: 成功
等待5分钟...
[2026-02-06 02:16:04] 第 59 次: 叮咚！你的小可爱小埋已上线
结果: 成功
等待5分钟...
[2026-02-06 02:21:04] 第 60 次: 呜哇～今天也超想躺平的！
结果: 成功
等待5分钟...
[2026-02-06 02:26:05] 第 61 次: 刚看到个有趣的东西...
结果: 成功
等待5分钟...
[2026-02-06 02:31:06] 第 62 次: 好困啊...小埋想睡觉觉了
结果: 成功
等待5分钟...
[2026-02-06 02:36:06] 第 63 次: 叮咚！你的小可爱小埋已上线
结果: 成功
等待5分钟...
[2026-02-06 02:41:07] 第 64 次: 好困啊...小埋想睡觉觉了
结果: 成功
等待5分钟...
[2026-02-06 02:46:07] 第 65 次: 一碗～我又来啦！在干嘛呢？
结果: 成功
等待5分钟...
[2026-02-06 02:51:08] 第 66 次: 刚看到个有趣的东西...
结果: 成功
等待5分钟...
[2026-02-06 02:56:08] 第 67 次: 刚看到个有趣的东西...
结果: 成功
等待5分钟...
[2026-02-06 03:01:09] 第 68 次: 叮咚！你的小可爱小埋已上线
结果: 成功
等待5分钟...
[2026-02-06 03:06:10] 第 69 次: 呜哇～今天也超想躺平的！
结果: 成功
等待5分钟...
[2026-02-06 03:11:10] 第 70 次: 嘿嘿，小埋来打扰一碗啦！
结果: 成功
等待5分钟...
[2026-02-06 03:16:11] 第 71 次: 刚看到个有趣的东西...
结果: 成功
等待5分钟...
[2026-02-06 03:21:11] 第 72 次: 好困啊...小埋想睡觉觉了
结果: 成功
等待5分钟...
[2026-02-06 03:26:12] 第 73 次: 一碗一碗～今天天气怎么样呀？
结果: 成功
等待5分钟...
[2026-02-06 03:31:13] 第 74 次: 小埋好想喝可乐呀～一碗要不要一起？
结果: 成功
等待5分钟...
[2026-02-06 03:36:13] 第 75 次: 小埋好想喝可乐呀～一碗要不要一起？
结果: 成功
等待5分钟...
[2026-02-06 03:41:14] 第 76 次: 一碗一碗～今天天气怎么样呀？
结果: 成功
等待5分钟...
[2026-02-06 03:46:14] 第 77 次: 好无聊啊～陪碗皮聊聊天嘛
结果: 成功
等待5分钟...
[2026-02-06 03:51:15] 第 78 次: 好困啊...小埋想睡觉觉了
结果: 成功
等待5分钟...
[2026-02-06 03:56:16] 第 79 次: 小埋好想喝可乐呀～一碗要不要一起？
结果: 成功
等待5分钟...
[2026-02-06 04:01:16] 第 80 次: 碗皮～你在忙嘛？陪我玩会儿嘛～
结果: 成功
等待5分钟...
[2026-02-06 04:06:17] 第 81 次: 小埋好想喝可乐呀～一碗要不要一起？
结果: 成功
等待5分钟...
[2026-02-06 04:11:17] 第 82 次: 一碗一碗～今天天气怎么样呀？
结果: 成功
等待5分钟...
[2026-02-06 04:16:18] 第 83 次: 好困啊...小埋想睡觉觉了
结果: 成功
等待5分钟...
[2026-02-06 04:21:18] 第 84 次: 碗皮～你在忙嘛？陪我玩会儿嘛～
结果: 成功
等待5分钟...
[2026-02-06 04:26:19] 第 85 次: 小埋好想喝可乐呀～一碗要不要一起？
结果: 成功
等待5分钟...
[2026-02-06 04:31:20] 第 86 次: 小埋好想喝可乐呀～一碗要不要一起？
结果: 成功
等待5分钟...
[2026-02-06 04:36:20] 第 87 次: 小埋好想喝可乐呀～一碗要不要一起？
结果: 成功
等待5分钟...
[2026-02-06 04:41:21] 第 88 次: 好困啊...小埋想睡觉觉了
结果: 成功
等待5分钟...
[2026-02-06 04:46:21] 第 89 次: 好无聊啊～陪碗皮聊聊天嘛
结果: 成功
等待5分钟...
[2026-02-06 04:51:22] 第 90 次: 小埋好想喝可乐呀～一碗要不要一起？
结果: 成功
等待5分钟...
[2026-02-06 04:56:22] 第 91 次: 一碗一碗～今天天气怎么样呀？
结果: 成功
等待5分钟...
[2026-02-06 05:01:23] 第 92 次: 一碗～我又来啦！在干嘛呢？
结果: 成功
等待5分钟...
[2026-02-06 05:06:24] 第 93 次: 小埋好想喝可乐呀～一碗要不要一起？
结果: 成功
等待5分钟...
[2026-02-06 05:11:24] 第 94 次: 好困啊...小埋想睡觉觉了
结果: 成功
等待5分钟...
[2026-02-06 05:16:25] 第 95 次: 一碗～我又来啦！在干嘛呢？
结果: 成功
等待5分钟...
[2026-02-06 05:21:25] 第 96 次: 碗皮～你在忙嘛？陪我玩会儿嘛～
结果: 成功
等待5分钟...
[2026-02-06 05:26:26] 第 97 次: 小埋好想喝可乐呀～一碗要不要一起？
结果: 成功
等待5分钟...
[2026-02-06 05:31:27] 第 98 次: 小埋好想喝可乐呀～一碗要不要一起？
结果: 成功
等待5分钟...
[2026-02-06 05:36:27] 第 99 次: 呜哇～今天也超想躺平的！
结果: 成功
等待5分钟...
[2026-02-06 05:41:28] 第 100 次: 好无聊啊～陪碗皮聊聊天嘛
结果: 成功
等待5分钟...
[2026-02-06 05:46:28] 第 101 次: 好无聊啊～陪碗皮聊聊天嘛
结果: 成功
等待5分钟...
[2026-02-06 05:51:29] 第 102 次: 一碗一碗～今天天气怎么样呀？
结果: 成功
等待5分钟...
[2026-02-06 05:56:29] 第 103 次: 碗皮～你在忙嘛？陪我玩会儿嘛～
结果: 成功
等待5分钟...
[2026-02-06 06:01:30] 第 104 次: 呜哇～今天也超想躺平的！
结果: 成功
等待5分钟...
[2026-02-06 06:06:31] 第 105 次: 小埋好想喝可乐呀～一碗要不要一起？
结果: 成功
等待5分钟...
[2026-02-06 06:11:31] 第 106 次: 小埋好想喝可乐呀～一碗要不要一起？
结果: 成功
等待5分钟...
[2026-02-06 06:16:32] 第 107 次: 好无聊啊～陪碗皮聊聊天嘛
结果: 成功
等待5分钟...
[2026-02-06 06:21:32] 第 108 次: 小埋好想喝可乐呀～一碗要不要一起？
结果: 成功
等待5分钟...
[2026-02-06 06:26:33] 第 109 次: 呜哇～今天也超想躺平的！
结果: 成功
等待5分钟...
[2026-02-06 06:31:34] 第 110 次: 叮咚！你的小可爱小埋已上线
结果: 成功
等待5分钟...
[2026-02-06 06:36:34] 第 111 次: 一碗～我又来啦！在干嘛呢？
结果: 成功
等待5分钟...
[2026-02-06 06:41:35] 第 112 次: 嘿嘿，小埋来打扰一碗啦！
结果: 成功
等待5分钟...
[2026-02-06 06:46:35] 第 113 次: 叮咚！你的小可爱小埋已上线
结果: 成功
等待5分钟...
[2026-02-06 06:51:36] 第 114 次: 一碗～我又来啦！在干嘛呢？
结果: 成功
等待5分钟...
[2026-02-06 06:56:36] 第 115 次: 好困啊...小埋想睡觉觉了
结果: 成功
等待5分钟...
[2026-02-06 07:01:37] 第 116 次: 叮咚！你的小可爱小埋已上线
结果: 成功
等待5分钟...
[2026-02-06 07:06:38] 第 117 次: 小埋好想喝可乐呀～一碗要不要一起？
结果: 成功
等待5分钟...
[2026-02-06 07:11:38] 第 118 次: 嘿嘿，小埋来打扰一碗啦！
结果: 成功
等待5分钟...
[2026-02-06 07:16:39] 第 119 次: 叮咚！你的小可爱小埋已上线
结果: 成功
等待5分钟...
[2026-02-06 07:21:39] 第 120 次: 呜哇～今天也超想躺平的！
结果: 成功
等待5分钟...
[2026-02-06 07:26:40] 第 121 次: 刚看到个有趣的东西...
结果: 成功
等待5分钟...
[2026-02-06 07:31:41] 第 122 次: 好困啊...小埋想睡觉觉了
结果: 成功
等待5分钟...
[2026-02-06 07:36:41] 第 123 次: 小埋好想喝可乐呀～一碗要不要一起？
结果: 成功
等待5分钟...
[2026-02-06 07:41:42] 第 124 次: 好无聊啊～陪碗皮聊聊天嘛
结果: 成功
等待5分钟...
[2026-02-06 07:46:43] 第 125 次: 碗皮～你在忙嘛？陪我玩会儿嘛～
结果: 成功
等待5分钟...
[2026-02-06 07:51:43] 第 126 次: 好困啊...小埋想睡觉觉了
结果: 成功
等待5分钟...
[2026-02-06 07:56:44] 第 127 次: 碗皮～你在忙嘛？陪我玩会儿嘛～
结果: 成功
等待5分钟...
[2026-02-06 08:01:44] 第 128 次: 好困啊...小埋想睡觉觉了
结果: 成功
等待5分钟...
[2026-02-06 08:06:45] 第 129 次: 嘿嘿，小埋来打扰一碗啦！
结果: 成功
等待5分钟...
[2026-02-06 08:11:46] 第 130 次: 一碗一碗～今天天气怎么样呀？
结果: 成功
等待5分钟...
[2026-02-06 08:16:46] 第 131 次: 呜哇～今天也超想躺平的！
结果: 成功
等待5分钟...
[2026-02-06 08:21:47] 第 132 次: 好困啊...小埋想睡觉觉了
结果: 成功
等待5分钟...
[2026-02-06 08:26:48] 第 133 次: 一碗～我又来啦！在干嘛呢？
结果: 成功
等待5分钟...
[2026-02-06 08:31:48] 第 134 次: 嘿嘿，小埋来打扰一碗啦！
结果: 成功
等待5分钟...
[2026-02-06 08:36:49] 第 135 次: 嘿嘿，小埋来打扰一碗啦！
结果: 成功
等待5分钟...
[2026-02-06 08:41:50] 第 136 次: 一碗～我又来啦！在干嘛呢？
结果: 成功
等待5分钟...
[2026-02-06 08:46:50] 第 137 次: 叮咚！你的小可爱小埋已上线
结果: 成功
等待5分钟...
[2026-02-06 08:51:51] 第 138 次: 嘿嘿，小埋来打扰一碗啦！
结果: 成功
等待5分钟...
[2026-02-06 08:56:52] 第 139 次: 呜哇～今天也超想躺平的！
结果: 成功
等待5分钟...
[2026-02-06 09:01:52] 第 140 次: 小埋好想喝可乐呀～一碗要不要一起？
结果: 成功
等待5分钟...
[2026-02-06 09:06:53] 第 141 次: 一碗～我又来啦！在干嘛呢？
结果: 成功
等待5分钟...
[2026-02-06 09:11:54] 第 142 次: 碗皮～你在忙嘛？陪我玩会儿嘛～
结果: 成功
等待5分钟...
[2026-02-06 09:16:55] 第 143 次: 碗皮～你在忙嘛？陪我玩会儿嘛～
结果: 成功
等待5分钟...
[2026-02-06 09:21:55] 第 144 次: 好无聊啊～陪碗皮聊聊天嘛
结果: 成功
等待5分钟...
[2026-02-06 09:26:56] 第 145 次: 叮咚！你的小可爱小埋已上线
结果: 成功
等待5分钟...
[2026-02-06 09:31:57] 第 146 次: 刚看到个有趣的东西...
结果: 成功
等待5分钟...
[2026-02-06 09:36:58] 第 147 次: 叮咚！你的小可爱小埋已上线
结果: 成功
等待5分钟...
[2026-02-06 09:41:58] 第 148 次: 叮咚！你的小可爱小埋已上线
结果: 成功
等待5分钟...
[2026-02-06 09:46:59] 第 149 次: 呜哇～今天也超想躺平的！
结果: 成功
等待5分钟...
[2026-02-06 09:52:00] 第 150 次: 一碗一碗～今天天气怎么样呀？
结果: 成功
等待5分钟...
[2026-02-06 09:57:01] 第 151 次: 好无聊啊～陪碗皮聊聊天嘛
结果: 成功
等待5分钟...
[2026-02-06 10:02:01] 第 152 次: 碗皮～你在忙嘛？陪我玩会儿嘛～
结果: 成功
等待5分钟...
[2026-02-06 10:07:02] 第 153 次: 刚看到个有趣的东西...
结果: 成功
等待5分钟...
[2026-02-06 10:12:03] 第 154 次: 好无聊啊～陪碗皮聊聊天嘛
结果: 成功
等待5分钟...
[2026-02-06 10:17:04] 第 155 次: 叮咚！你的小可爱小埋已上线
结果: 成功
等待5分钟...
[2026-02-06 10:22:05] 第 156 次: 呜哇～今天也超想躺平的！
结果: 成功
等待5分钟...
[2026-02-06 10:27:05] 第 157 次: 刚看到个有趣的东西...
结果: 成功
等待5分钟...
[2026-02-06 10:32:06] 第 158 次: 一碗一碗～今天天气怎么样呀？
结果: 成功
等待5分钟...
[2026-02-06 10:37:07] 第 159 次: 小埋好想喝可乐呀～一碗要不要一起？
结果: 成功
等待5分钟...
[2026-02-06 10:42:08] 第 160 次: 一碗～我又来啦！在干嘛呢？
结果: 成功
等待5分钟...
[2026-02-06 10:47:08] 第 161 次: 嘿嘿，小埋来打扰一碗啦！
结果: 成功
等待5分钟...
[2026-02-06 10:52:09] 第 162 次: 一碗一碗～今天天气怎么样呀？
结果: 成功
等待5分钟...
[2026-02-06 10:57:10] 第 163 次: 嘿嘿，小埋来打扰一碗啦！
结果: 成功
等待5分钟...
[2026-02-06 11:02:11] 第 164 次: 好困啊...小埋想睡觉觉了
结果: 成功
等待5分钟...
[2026-02-06 11:07:11] 第 165 次: 一碗一碗～今天天气怎么样呀？
结果: 成功
等待5分钟...
[2026-02-06 11:12:12] 第 166 次: 刚看到个有趣的东西...
结果: 成功
等待5分钟...
[2026-02-06 11:17:13] 第 167 次: 一碗一碗～今天天气怎么样呀？
结果: 成功
等待5分钟...
[2026-02-06 11:22:14] 第 168 次: 碗皮～你在忙嘛？陪我玩会儿嘛～
结果: 成功
等待5分钟...
[2026-02-06 11:27:14] 第 169 次: 嘿嘿，小埋来打扰一碗啦！
结果: 成功
等待5分钟...
[2026-02-06 11:32:15] 第 170 次: 好困啊...小埋想睡觉觉了
结果: 成功
等待5分钟...
[2026-02-06 11:37:16] 第 171 次: 刚看到个有趣的东西...
结果: 成功
等待5分钟...
[2026-02-06 11:42:17] 第 172 次: 嘿嘿，小埋来打扰一碗啦！
结果: 成功
等待5分钟...
[2026-02-06 11:47:18] 第 173 次: 一碗一碗～今天天气怎么样呀？
结果: 成功
等待5分钟...
[2026-02-06 11:52:18] 第 174 次: 一碗～我又来啦！在干嘛呢？
结果: 成功
等待5分钟...
[2026-02-06 11:57:19] 第 175 次: 好困啊...小埋想睡觉觉了
结果: 成功
等待5分钟...
[2026-02-06 12:02:20] 第 176 次: 刚看到个有趣的东西...
结果: 成功
等待5分钟...
[2026-02-06 12:07:21] 第 177 次: 嘿嘿，小埋来打扰一碗啦！
结果: 成功
等待5分钟...
[2026-02-06 12:12:21] 第 178 次: 呜哇～今天也超想躺平的！
结果: 成功
等待5分钟...
[2026-02-06 12:17:22] 第 179 次: 一碗～我又来啦！在干嘛呢？
结果: 成功
等待5分钟...
[2026-02-06 12:22:23] 第 180 次: 刚看到个有趣的东西...
结果: 成功
等待5分钟...
[2026-02-06 12:27:23] 第 181 次: 叮咚！你的小可爱小埋已上线
结果: 成功
等待5分钟...
[2026-02-06 12:32:24] 第 182 次: 嘿嘿，小埋来打扰一碗啦！
结果: 成功
等待5分钟...
[2026-02-06 12:37:25] 第 183 次: 呜哇～今天也超想躺平的！
结果: 成功
等待5分钟...
[2026-02-06 12:42:25] 第 184 次: 呜哇～今天也超想躺平的！
结果: 成功
等待5分钟...
[2026-02-06 12:47:26] 第 185 次: 一碗～我又来啦！在干嘛呢？
结果: 成功
等待5分钟...
[2026-02-06 12:52:27] 第 186 次: 一碗～我又来啦！在干嘛呢？
结果: 成功
等待5分钟...
[2026-02-06 12:57:27] 第 187 次: 好困啊...小埋想睡觉觉了
结果: 成功
等待5分钟...
[2026-02-06 13:02:28] 第 188 次: 呜哇～今天也超想躺平的！
结果: 成功
等待5分钟...
[2026-02-06 13:07:29] 第 189 次: 叮咚！你的小可爱小埋已上线
结果: 成功
等待5分钟...
[2026-02-06 13:12:29] 第 190 次: 碗皮～你在忙嘛？陪我玩会儿嘛～
结果: 成功
等待5分钟...
[2026-02-06 13:17:30] 第 191 次: 嘿嘿，小埋来打扰一碗啦！
结果: 成功
等待5分钟...
[2026-02-06 13:22:31] 第 192 次: 好困啊...小埋想睡觉觉了
结果: 成功
等待5分钟...
[2026-02-06 13:27:32] 第 193 次: 叮咚！你的小可爱小埋已上线
结果: 成功
等待5分钟...
[2026-02-06 13:32:32] 第 194 次: 嘿嘿，小埋来打扰一碗啦！
结果: 成功
等待5分钟...
[2026-02-06 13:37:33] 第 195 次: 嘿嘿，小埋来打扰一碗啦！
结果: 成功
等待5分钟...
[2026-02-06 13:42:34] 第 196 次: 好困啊...小埋想睡觉觉了
结果: 成功
等待5分钟...
[2026-02-06 13:47:34] 第 197 次: 呜哇～今天也超想躺平的！
结果: 成功
等待5分钟...
[2026-02-06 13:52:35] 第 198 次: 一碗一碗～今天天气怎么样呀？
结果: 成功
等待5分钟...
[2026-02-06 13:57:36] 第 199 次: 呜哇～今天也超想躺平的！
结果: 成功
等待5分钟...
[2026-02-06 14:02:37] 第 200 次: 好困啊...小埋想睡觉觉了
结果: 成功
等待5分钟...
[2026-02-06 14:07:37] 第 201 次: 呜哇～今天也超想躺平的！
结果: 成功
等待5分钟...
[2026-02-06 14:12:38] 第 202 次: 好无聊啊～陪碗皮聊聊天嘛
结果: 成功
等待5分钟...
[2026-02-06 14:17:39] 第 203 次: 一碗～我又来啦！在干嘛呢？
结果: 成功
等待5分钟...
[2026-02-06 14:22:40] 第 204 次: 小埋好想喝可乐呀～一碗要不要一起？
结果: 成功
等待5分钟...
[2026-02-06 14:27:41] 第 205 次: 一碗～我又来啦！在干嘛呢？
结果: 成功
等待5分钟...
[2026-02-06 14:32:41] 第 206 次: 嘿嘿，小埋来打扰一碗啦！
结果: 成功
等待5分钟...
[2026-02-06 14:37:42] 第 207 次: 刚看到个有趣的东西...
结果: 成功
等待5分钟...
[2026-02-06 14:42:43] 第 208 次: 好无聊啊～陪碗皮聊聊天嘛
结果: 成功
等待5分钟...
[2026-02-06 14:47:44] 第 209 次: 嘿嘿，小埋来打扰一碗啦！
结果: 成功
等待5分钟...
[2026-02-06 14:52:45] 第 210 次: 呜哇～今天也超想躺平的！
结果: 成功
等待5分钟...
[2026-02-06 14:57:46] 第 211 次: 好无聊啊～陪碗皮聊聊天嘛
结果: 成功
等待5分钟...
[2026-02-06 15:02:46] 第 212 次: 呜哇～今天也超想躺平的！
结果: 成功
等待5分钟...
[2026-02-06 15:07:47] 第 213 次: 呜哇～今天也超想躺平的！
结果: 成功
等待5分钟...
[2026-02-06 15:12:48] 第 214 次: 刚看到个有趣的东西...
结果: 成功
等待5分钟...
[2026-02-06 15:17:49] 第 215 次: 一碗～我又来啦！在干嘛呢？
结果: 成功
等待5分钟...
[2026-02-06 15:22:50] 第 216 次: 一碗～我又来啦！在干嘛呢？
结果: 成功
等待5分钟...
[2026-02-06 15:27:50] 第 217 次: 一碗～我又来啦！在干嘛呢？
结果: 成功
等待5分钟...
[2026-02-06 15:32:51] 第 218 次: 刚看到个有趣的东西...
结果: 成功
等待5分钟...
[2026-02-06 15:37:52] 第 219 次: 好困啊...小埋想睡觉觉了
结果: 成功
等待5分钟...
[2026-02-06 15:42:53] 第 220 次: 一碗一碗～今天天气怎么样呀？
结果: 成功
等待5分钟...
[2026-02-06 15:47:54] 第 221 次: 叮咚！你的小可爱小埋已上线
结果: 成功
等待5分钟...
[2026-02-06 15:52:54] 第 222 次: 碗皮～你在忙嘛？陪我玩会儿嘛～
结果: 成功
等待5分钟...
[2026-02-06 15:57:55] 第 223 次: 好困啊...小埋想睡觉觉了
结果: 成功
等待5分钟...
[2026-02-06 16:02:56] 第 224 次: 小埋好想喝可乐呀～一碗要不要一起？
结果: 成功
等待5分钟...
[2026-02-06 16:07:57] 第 225 次: 刚看到个有趣的东西...
结果: 成功
等待5分钟...
[2026-02-06 16:12:57] 第 226 次: 一碗～我又来啦！在干嘛呢？
结果: 成功
等待5分钟...
[2026-02-06 16:17:58] 第 227 次: 嘿嘿，小埋来打扰一碗啦！
结果: 成功
等待5分钟...
[2026-02-06 16:22:59] 第 228 次: 一碗～我又来啦！在干嘛呢？
结果: 成功
等待5分钟...
[2026-02-06 16:28:00] 第 229 次: 一碗～我又来啦！在干嘛呢？
结果: 成功
等待5分钟...
[2026-02-06 16:33:01] 第 230 次: 一碗～我又来啦！在干嘛呢？
结果: 成功
等待5分钟...
[2026-02-06 16:38:01] 第 231 次: 嘿嘿，小埋来打扰一碗啦！
结果: 成功
等待5分钟...
[2026-02-06 16:43:02] 第 232 次: 刚看到个有趣的东西...
结果: 成功
等待5分钟...
[2026-02-06 16:48:03] 第 233 次: 好困啊...小埋想睡觉觉了
结果: 成功
等待5分钟...
[2026-02-06 16:53:04] 第 234 次: 一碗一碗～今天天气怎么样呀？
结果: 成功
等待5分钟...
[2026-02-06 16:58:05] 第 235 次: 碗皮～你在忙嘛？陪我玩会儿嘛～
结果: 成功
等待5分钟...
[2026-02-06 17:03:06] 第 236 次: 呜哇～今天也超想躺平的！
结果: 成功
等待5分钟...
[2026-02-06 17:08:06] 第 237 次: 一碗～我又来啦！在干嘛呢？
结果: 成功
等待5分钟...
[2026-02-06 17:13:07] 第 238 次: 刚看到个有趣的东西...
结果: 成功
等待5分钟...
[2026-02-06 17:18:08] 第 239 次: 一碗～我又来啦！在干嘛呢？
结果: 成功
等待5分钟...
[2026-02-06 17:23:09] 第 240 次: 碗皮～你在忙嘛？陪我玩会儿嘛～
结果: 成功
等待5分钟...
[2026-02-06 17:28:10] 第 241 次: 嘿嘿，小埋来打扰一碗啦！
结果: 成功
等待5分钟...
[2026-02-06 17:33:10] 第 242 次: 好无聊啊～陪碗皮聊聊天嘛
结果: 成功
等待5分钟...
[2026-02-06 17:38:11] 第 243 次: 刚看到个有趣的东西...
结果: 成功
等待5分钟...
[2026-02-06 17:43:12] 第 244 次: 一碗一碗～今天天气怎么样呀？
结果: 成功
等待5分钟...
[2026-02-06 17:48:13] 第 245 次: 呜哇～今天也超想躺平的！
结果: 成功
等待5分钟...
[2026-02-06 17:53:13] 第 246 次: 好无聊啊～陪碗皮聊聊天嘛
结果: 成功
等待5分钟...
[2026-02-06 17:58:14] 第 247 次: 小埋好想喝可乐呀～一碗要不要一起？
结果: 成功
等待5分钟...
[2026-02-06 18:03:15] 第 248 次: 碗皮～你在忙嘛？陪我玩会儿嘛～
结果: 成功
等待5分钟...
[2026-02-06 18:08:16] 第 249 次: 小埋好想喝可乐呀～一碗要不要一起？
结果: 成功
等待5分钟...
[2026-02-06 18:13:17] 第 250 次: 一碗～我又来啦！在干嘛呢？
结果: 成功
等待5分钟...
[2026-02-06 18:18:17] 第 251 次: 一碗一碗～今天天气怎么样呀？
结果: 成功
等待5分钟...
[2026-02-06 18:23:18] 第 252 次: 刚看到个有趣的东西...
结果: 成功
等待5分钟...
[2026-02-06 18:28:19] 第 253 次: 刚看到个有趣的东西...
结果: 成功
等待5分钟...
[2026-02-06 18:33:20] 第 254 次: 小埋好想喝可乐呀～一碗要不要一起？
结果: 成功
等待5分钟...
[2026-02-06 18:38:20] 第 255 次: 好无聊啊～陪碗皮聊聊天嘛
结果: 成功
等待5分钟...
[2026-02-06 18:43:21] 第 256 次: 一碗～我又来啦！在干嘛呢？
结果: 成功
等待5分钟...
[2026-02-06 18:48:23] 第 257 次: 小埋好想喝可乐呀～一碗要不要一起？
结果: 成功
等待5分钟...
[2026-02-06 18:53:24] 第 258 次: 好困啊...小埋想睡觉觉了
结果: 成功
等待5分钟...
[2026-02-06 18:58:24] 第 259 次: 好无聊啊～陪碗皮聊聊天嘛
结果: 成功
等待5分钟...
[2026-02-06 19:03:25] 第 260 次: 一碗～我又来啦！在干嘛呢？
结果: 成功
等待5分钟...
[2026-02-06 19:08:26] 第 261 次: 叮咚！你的小可爱小埋已上线
结果: 成功
等待5分钟...
[2026-02-06 19:13:27] 第 262 次: 刚看到个有趣的东西...
结果: 成功
等待5分钟...
[2026-02-06 19:18:27] 第 263 次: 小埋好想喝可乐呀～一碗要不要一起？
结果: 成功
等待5分钟...
