[2026-02-13T20:12:40.162994] [INFO] ============================================================
[2026-02-13T20:12:40.163069] [INFO] 🔍 OpenClaw 自检系统 v2.0
[2026-02-13T20:12:40.163099] [INFO] ============================================================
[2026-02-13T20:12:40.163127] [CHECK] 
🔍 检查: 📋 定时任务配置
[2026-02-13T20:12:50.684508] [INFO] 发现 0 个定时任务
[2026-02-13T20:12:50.684572] [SUCCESS] ✅ 📋 定时任务配置: 所有 0 个任务配置正常
[2026-02-13T20:12:50.684600] [CHECK] 
🔍 检查: 📜 推送脚本检查
[2026-02-13T20:12:50.684972] [INFO] 检查 11 个推送脚本
[2026-02-13T20:12:50.685567] [SUCCESS] ✅ 📜 推送脚本检查: 所有 11 个脚本正常
[2026-02-13T20:12:50.685597] [INFO] 
============================================================
[2026-02-13T20:12:50.685622] [INFO] 📊 检查完成
[2026-02-13T20:12:50.685648] [INFO]    问题: 0 | 已修复: 0 | 需人工: 0
[2026-02-14T03:01:43.513142] [INFO] ============================================================
[2026-02-14T03:01:43.513207] [INFO] 🔍 OpenClaw 自检系统 v2.0
[2026-02-14T03:01:43.513239] [INFO] ============================================================
[2026-02-14T03:01:43.513271] [CHECK] 
🔍 检查: 📋 定时任务配置
[2026-02-14T03:01:51.975916] [INFO] 发现 26 个定时任务
[2026-02-14T03:01:51.976028] [ERROR] ❌ 📋 定时任务配置: 发现 3 个任务有问题
[2026-02-14T03:01:51.976058] [WARN]    • 信息收集-每小时
[2026-02-14T03:01:51.976087] [WARN]      - ⚠️ 最近有 2 次失败
[2026-02-14T03:01:51.976117] [CHECK] 
🔍 检查: 📜 推送脚本检查
[2026-02-14T03:01:51.976392] [INFO] 检查 11 个推送脚本
[2026-02-14T03:01:51.980755] [SUCCESS] ✅ 📜 推送脚本检查: 所有 11 个脚本正常
[2026-02-14T03:01:51.980791] [INFO] 
============================================================
[2026-02-14T03:01:51.980815] [INFO] 📊 检查完成
[2026-02-14T03:01:51.980841] [INFO]    问题: 1 | 已修复: 0 | 需人工: 1
