[2026-02-12T19:51:20.460393] [INFO] ==================================================
[2026-02-12T19:51:20.460545] [INFO] 🔍 开始自愈系统检查
[2026-02-12T19:51:20.460584] [INFO] ==================================================
[2026-02-12T19:51:20.460615] [INFO] 
🔍 检查: 代理健康
[2026-02-12T19:51:20.795985] [INFO] ✅ 代理健康: 代理正常
[2026-02-12T19:51:20.796110] [INFO] 
🔍 检查: 定时任务
[2026-02-12T19:51:30.392971] [ERROR] ❌ 定时任务: 无法读取 cron 列表
[2026-02-12T19:51:30.393067] [INFO] 
🔍 检查: 磁盘空间
[2026-02-12T19:51:30.395781] [INFO] ✅ 磁盘空间: 磁盘空间正常: 49%
[2026-02-12T19:51:30.395826] [INFO] 
🔍 检查: 内存使用
[2026-02-12T19:51:30.395905] [INFO] ✅ 内存使用: 内存使用正常: 52.5%
[2026-02-12T19:51:30.395928] [INFO] 
🔍 检查: 腾讯云搜索
[2026-02-12T19:51:30.396754] [ERROR] ❌ 腾讯云搜索: 检查失败: No module named 'skills.tencent_search'
[2026-02-12T19:51:30.396794] [INFO] 
==================================================
[2026-02-12T19:51:30.396815] [INFO] 📊 检查完成
[2026-02-12T19:51:30.396834] [INFO]    发现问题: 2
[2026-02-12T19:51:30.396856] [INFO]    自动修复: 0
[2026-02-12T19:51:30.396874] [INFO]    需人工处理: 2
[2026-02-12T19:55:51.800356] [INFO] ============================================================
[2026-02-12T19:55:51.800414] [INFO] 🔧 OpenClaw Self-Healing System v1.0
[2026-02-12T19:55:51.800440] [INFO] ============================================================
[2026-02-12T19:55:51.800467] [INFO] 
🔍 检查: 代理健康
[2026-02-12T19:55:52.127985] [SUCCESS] ✅ 代理健康: 代理正常
[2026-02-12T19:55:52.128054] [INFO] 
🔍 检查: 磁盘空间
[2026-02-12T19:55:52.130893] [SUCCESS] ✅ 磁盘空间: 磁盘空间正常: 49%
[2026-02-12T19:55:52.130934] [INFO] 
🔍 检查: 内存使用
[2026-02-12T19:55:52.131020] [SUCCESS] ✅ 内存使用: 内存使用正常: 52.1%
[2026-02-12T19:55:52.131046] [INFO] 
============================================================
[2026-02-12T19:55:52.131072] [INFO] 📊 检查完成: 发现 0 个问题
[2026-02-12T19:55:52.131098] [INFO]    自动修复: 0 | 需人工: 0
[2026-02-12T20:10:24.075935] [INFO] ============================================================
[2026-02-12T20:10:24.076561] [INFO] 🔧 OpenClaw Self-Healing System v1.0
[2026-02-12T20:10:24.076592] [INFO] ============================================================
[2026-02-12T20:10:24.076620] [INFO] 
🔍 检查: 代理健康
[2026-02-12T20:10:24.386269] [SUCCESS] ✅ 代理健康: 代理正常
[2026-02-12T20:10:24.386329] [INFO] 
🔍 检查: 磁盘空间
[2026-02-12T20:10:24.389114] [SUCCESS] ✅ 磁盘空间: 磁盘空间正常: 49%
[2026-02-12T20:10:24.389154] [INFO] 
🔍 检查: 内存使用
[2026-02-12T20:10:24.389241] [SUCCESS] ✅ 内存使用: 内存使用正常: 44.4%
[2026-02-12T20:10:24.389267] [INFO] 
🔍 检查: 定时任务通道
[2026-02-12T20:10:32.914003] [ERROR] ❌ 定时任务通道: 无法读取 cron 列表: Expecting value: line 1 column 2 (char 1)
[2026-02-12T20:10:32.914074] [INFO] 
============================================================
[2026-02-12T20:10:32.914108] [INFO] 📊 检查完成: 发现 1 个问题
[2026-02-12T20:10:32.914139] [INFO]    自动修复: 0 | 需人工: 1
[2026-02-12T20:11:15.850902] [INFO] ============================================================
[2026-02-12T20:11:15.850996] [INFO] 🔧 OpenClaw Self-Healing System v1.0
[2026-02-12T20:11:15.851038] [INFO] ============================================================
[2026-02-12T20:11:15.851092] [INFO] 
🔍 检查: 代理健康
[2026-02-12T20:11:16.156361] [SUCCESS] ✅ 代理健康: 代理正常
[2026-02-12T20:11:16.156410] [INFO] 
🔍 检查: 磁盘空间
[2026-02-12T20:11:16.159089] [SUCCESS] ✅ 磁盘空间: 磁盘空间正常: 49%
[2026-02-12T20:11:16.159130] [INFO] 
🔍 检查: 内存使用
[2026-02-12T20:11:16.159217] [SUCCESS] ✅ 内存使用: 内存使用正常: 43.8%
[2026-02-12T20:11:16.159245] [INFO] 
🔍 检查: 定时任务通道
[2026-02-12T20:11:24.886599] [SUCCESS] ✅ 定时任务通道: 检查约 0 个任务，通道配置正常
[2026-02-12T20:11:24.886656] [INFO] 
============================================================
[2026-02-12T20:11:24.886684] [INFO] 📊 检查完成: 发现 0 个问题
[2026-02-12T20:11:24.886710] [INFO]    自动修复: 0 | 需人工: 0
[2026-02-12T20:31:08.637669] [INFO] ============================================================
[2026-02-12T20:31:08.637736] [INFO] 🔧 BowlWanpi Self-Healing System v2.0
[2026-02-12T20:31:08.637771] [INFO] 📅 2026-02-12 20:31
[2026-02-12T20:31:08.637795] [INFO] ============================================================
[2026-02-12T20:31:08.637837] [INFO] 
🔍 检查: 代理健康 [MEDIUM]
[2026-02-12T20:31:08.928790] [SUCCESS] ✅ 代理健康: 代理正常
[2026-02-12T20:31:08.928845] [INFO] 
🔍 检查: 磁盘空间 [MEDIUM]
[2026-02-12T20:31:08.931544] [SUCCESS] ✅ 磁盘空间: 磁盘空间正常: 49%
[2026-02-12T20:31:08.931587] [INFO] 
🔍 检查: 内存使用 [MEDIUM]
[2026-02-12T20:31:08.931677] [SUCCESS] ✅ 内存使用: 内存使用正常: 51.7%
[2026-02-12T20:31:08.931704] [INFO] 
============================================================
[2026-02-12T20:31:08.931745] [INFO] 📊 检查完成
[2026-02-12T20:31:08.931775] [INFO]    发现问题: 0 | 自动修复: 0 | 需人工: 0
